ninja: Entering directory `build-x86_64'
[1/184] Building CXX object src/Utils/CMakeFiles/wpUtils.dir/DynamicLibrary.cpp.o
[2/184] Building CXX object src/Utils/CMakeFiles/wpUtils.dir/FpsCounter.cpp.o
[3/184] Building CXX object src/Utils/CMakeFiles/wpUtils.dir/Logging.cpp.o
[4/184] Building CXX object src/Utils/CMakeFiles/wpUtils.dir/Sha.cpp.o
[5/184] Building CXX object src/Utils/CMakeFiles/wpUtils.dir/SceneProfiler.cpp.o
[6/184] Building CXX object src/Utils/CMakeFiles/wpUtils.dir/Algorism.cpp.o
[7/184] Linking CXX static library src/Utils/libwpUtils.a
[8/184] Building CXX object src/Particle/CMakeFiles/wpParticle.dir/ParticleModify.cpp.o
[9/184] Building CXX object third_party/glslang/SPIRV/CMakeFiles/SPIRV.dir/home/runner/wesrc/wsr/third_party/glslang/glslang/stub.cpp.o
[10/184] Building CXX object third_party/glslang/glslang/CMakeFiles/glslang.dir/cmake_pch.hxx.pch
[11/184] Building C object third_party/SPIRV-Reflect/CMakeFiles/spirv-reflect-static.dir/spirv_reflect.c.o
[12/184] Building CXX object third_party/glslang/glslang/CMakeFiles/glslang.dir/GenericCodeGen/CodeGen.cpp.o
[13/184] Building CXX object third_party/glslang/glslang/CMakeFiles/glslang.dir/CInterface/glslang_c_interface.cpp.o
[14/184] Building CXX object third_party/glslang/glslang/CMakeFiles/glslang.dir/GenericCodeGen/Link.cpp.o
[15/184] Building CXX object third_party/glslang/glslang/CMakeFiles/glslang.dir/OSDependent/Unix/ossource.cpp.o
[16/184] Building CXX object src/Particle/CMakeFiles/wpParticle.dir/WPParticleRawGener.cpp.o
[17/184] Building CXX object src/Particle/CMakeFiles/wpParticle.dir/ParticleEmitter.cpp.o
[18/184] Building CXX object third_party/glslang/glslang/CMakeFiles/glslang.dir/MachineIndependent/attribute.cpp.o
[19/184] Building CXX object third_party/glslang/glslang/CMakeFiles/glslang.dir/MachineIndependent/InfoSink.cpp.o
[20/184] Building CXX object src/Particle/CMakeFiles/wpParticle.dir/ParticleSystem.cpp.o
[21/184] Building CXX object third_party/glslang/glslang/CMakeFiles/glslang.dir/MachineIndependent/Constant.cpp.o
[22/184] Building CXX object third_party/glslang/glslang/CMakeFiles/glslang.dir/MachineIndependent/IntermTraverse.cpp.o
[23/184] Building CXX object third_party/glslang/glslang/CMakeFiles/glslang.dir/MachineIndependent/glslang_tab.cpp.o
[24/184] Building CXX object src/Scene/CMakeFiles/wpScene.dir/Scene.cpp.o
[25/184] Building CXX object third_party/glslang/glslang/CMakeFiles/glslang.dir/MachineIndependent/PoolAlloc.cpp.o
[26/184] Building CXX object third_party/glslang/glslang/CMakeFiles/glslang.dir/MachineIndependent/RemoveTree.cpp.o
[27/184] Building CXX object third_party/glslang/glslang/CMakeFiles/glslang.dir/MachineIndependent/ParseContextBase.cpp.o
[28/184] Building CXX object third_party/glslang/glslang/CMakeFiles/glslang.dir/MachineIndependent/Intermediate.cpp.o
[29/184] Building CXX object third_party/glslang/glslang/CMakeFiles/glslang.dir/MachineIndependent/SpirvIntrinsics.cpp.o
[30/184] Building CXX object third_party/glslang/glslang/CMakeFiles/glslang.dir/MachineIndependent/Scan.cpp.o
[31/184] Building CXX object third_party/glslang/glslang/CMakeFiles/glslang.dir/MachineIndependent/iomapper.cpp.o
[32/184] Building CXX object third_party/glslang/glslang/CMakeFiles/glslang.dir/MachineIndependent/Initialize.cpp.o
[33/184] Building CXX object third_party/glslang/glslang/CMakeFiles/glslang.dir/MachineIndependent/Versions.cpp.o
[34/184] Building CXX object third_party/glslang/glslang/CMakeFiles/glslang.dir/MachineIndependent/limits.cpp.o
[35/184] Building CXX object third_party/glslang/glslang/CMakeFiles/glslang.dir/MachineIndependent/parseConst.cpp.o
[36/184] Building CXX object third_party/glslang/glslang/CMakeFiles/glslang.dir/MachineIndependent/ShaderLang.cpp.o
[37/184] Building CXX object third_party/glslang/glslang/CMakeFiles/glslang.dir/MachineIndependent/intermOut.cpp.o
[38/184] Building CXX object third_party/glslang/glslang/CMakeFiles/glslang.dir/MachineIndependent/preprocessor/PpAtom.cpp.o
[39/184] Building CXX object third_party/glslang/glslang/CMakeFiles/glslang.dir/MachineIndependent/SymbolTable.cpp.o
[40/184] Building CXX object third_party/glslang/glslang/CMakeFiles/glslang.dir/MachineIndependent/preprocessor/PpContext.cpp.o
[41/184] Building CXX object third_party/glslang/glslang/CMakeFiles/glslang.dir/MachineIndependent/reflection.cpp.o
[42/184] Building CXX object third_party/glslang/glslang/CMakeFiles/glslang.dir/MachineIndependent/preprocessor/PpTokens.cpp.o
[43/184] Building CXX object third_party/glslang/glslang/CMakeFiles/glslang.dir/MachineIndependent/propagateNoContraction.cpp.o
[44/184] Building CXX object third_party/glslang/glslang/CMakeFiles/glslang.dir/MachineIndependent/preprocessor/PpScanner.cpp.o
[45/184] Building CXX object third_party/glslang/glslang/CMakeFiles/glslang.dir/MachineIndependent/preprocessor/Pp.cpp.o
[46/184] Building CXX object third_party/glslang/glslang/CMakeFiles/glslang.dir/home/runner/wesrc/wsr/third_party/glslang/SPIRV/Logger.cpp.o
[47/184] Building CXX object third_party/glslang/glslang/CMakeFiles/glslang.dir/MachineIndependent/linkValidate.cpp.o
[48/184] Building CXX object third_party/glslang/glslang/CMakeFiles/glslang.dir/home/runner/wesrc/wsr/third_party/glslang/SPIRV/InReadableOrder.cpp.o
[49/184] Building CXX object third_party/glslang/glslang/CMakeFiles/glslang.dir/home/runner/wesrc/wsr/third_party/glslang/SPIRV/SpvTools.cpp.o
[50/184] Building CXX object third_party/glslang/glslang/CMakeFiles/glslang.dir/home/runner/wesrc/wsr/third_party/glslang/SPIRV/doc.cpp.o
[51/184] Building CXX object third_party/glslang/glslang/CMakeFiles/glslang.dir/home/runner/wesrc/wsr/third_party/glslang/SPIRV/CInterface/spirv_c_interface.cpp.o
[52/184] Building CXX object third_party/glslang/glslang/CMakeFiles/glslang.dir/home/runner/wesrc/wsr/third_party/glslang/SPIRV/disassemble.cpp.o
[53/184] Building CXX object src/Scene/CMakeFiles/wpScene.dir/SceneLight.cpp.o
[54/184] Building CXX object third_party/glslang/glslang/CMakeFiles/glslang.dir/home/runner/wesrc/wsr/third_party/glslang/SPIRV/SpvPostProcess.cpp.o
[55/184] Building CXX object third_party/glslang/glslang/CMakeFiles/glslang.dir/MachineIndependent/ParseHelper.cpp.o
[56/184] Building CXX object src/Scene/CMakeFiles/wpScene.dir/SceneIndexArray.cpp.o
[57/184] Building CXX object src/Scene/CMakeFiles/wpScene.dir/SceneImageEffectLayer.cpp.o
[58/184] Building CXX object src/Scene/CMakeFiles/wpScene.dir/SceneVertexArray.cpp.o
[59/184] Building CXX object src/Scene/CMakeFiles/wpScene.dir/SceneCamera.cpp.o
[60/184] Linking CXX static library src/Particle/libwpParticle.a
[61/184] Linking C static library third_party/SPIRV-Reflect/libspirv-reflect-static.a
[62/184] Linking CXX static library third_party/glslang/SPIRV/libSPIRV.a
[63/184] Building CXX object src/Scene/CMakeFiles/wpScene.dir/PendingUpdateQueues.cpp.o
[64/184] Building CXX object src/Scene/CMakeFiles/wpScene.dir/SceneShader.cpp.o
[65/184] Building CXX object third_party/glslang/glslang/CMakeFiles/glslang.dir/home/runner/wesrc/wsr/third_party/glslang/SPIRV/SpvBuilder.cpp.o
[66/184] Building CXX object src/Scene/CMakeFiles/wpScene.dir/SceneNode.cpp.o
[67/184] Linking CXX static library src/Scene/libwpScene.a
[68/184] Building CXX object src/Vulkan/CMakeFiles/wpVulkan.dir/Instance.cpp.o
[69/184] Building CXX object src/Vulkan/CMakeFiles/wpVulkan.dir/Device.cpp.o
[70/184] Building CXX object src/Vulkan/CMakeFiles/wpVulkan.dir/GraphicsPipeline.cpp.o
[71/184] Building CXX object src/Vulkan/CMakeFiles/wpVulkan.dir/StagingBuffer.cpp.o
[72/184] Building CXX object third_party/glslang/glslang/CMakeFiles/glslang.dir/home/runner/wesrc/wsr/third_party/glslang/SPIRV/GlslangToSpv.cpp.o
[73/184] Linking CXX static library third_party/glslang/glslang/libglslang.a
[74/184] Building CXX object src/Vulkan/CMakeFiles/wpVulkan.dir/PipelineCacheIO.cpp.o
[75/184] Building CXX object src/Vulkan/CMakeFiles/wpVulkan.dir/Swapchain.cpp.o
[76/184] Building CXX object src/Vulkan/CMakeFiles/wpVulkan.dir/Parameters.cpp.o
[77/184] Building CXX object src/Vulkan/CMakeFiles/wpVulkan.dir/vulkan_wrapper.cpp.o
[78/184] Building CXX object src/Vulkan/CMakeFiles/wpVulkan.dir/Shader.cpp.o
[79/184] Building CXX object src/RenderGraph/CMakeFiles/wpRGraph.dir/TexNode.cpp.o
[80/184] Building CXX object src/RenderGraph/CMakeFiles/wpRGraph.dir/PassNode.cpp.o
[81/184] Building CXX object src/RenderGraph/CMakeFiles/wpRGraph.dir/DependencyGraph.cpp.o
[82/184] Building C object CMakeFiles/we_lz4.dir/home/runner/wesrc/lz4/lib/lz4frame.c.o
[83/184] Building CXX object src/RenderGraph/CMakeFiles/wpRGraph.dir/RenderGraph.cpp.o
[84/184] Building CXX object src/Vulkan/CMakeFiles/wpVulkan.dir/TextureCache.cpp.o
[85/184] Building C object CMakeFiles/we_lz4.dir/home/runner/wesrc/lz4/lib/xxhash.c.o
[86/184] Building C object freetype/CMakeFiles/freetype.dir/src/base/ftbbox.c.o
[87/184] Building C object freetype/CMakeFiles/freetype.dir/src/base/ftbdf.c.o
[88/184] Building C object freetype/CMakeFiles/freetype.dir/src/base/ftbitmap.c.o
[89/184] Building C object freetype/CMakeFiles/freetype.dir/src/base/ftcid.c.o
[90/184] Building C object freetype/CMakeFiles/freetype.dir/src/base/ftfstype.c.o
[91/184] Building C object freetype/CMakeFiles/freetype.dir/src/base/ftgasp.c.o
[92/184] Building C object freetype/CMakeFiles/freetype.dir/src/base/ftglyph.c.o
[93/184] Building C object freetype/CMakeFiles/freetype.dir/src/base/ftgxval.c.o
[94/184] Building C object freetype/CMakeFiles/freetype.dir/src/base/ftinit.c.o
[95/184] Building C object freetype/CMakeFiles/freetype.dir/src/base/ftmm.c.o
[96/184] Building C object freetype/CMakeFiles/freetype.dir/src/base/ftotval.c.o
[97/184] Building C object freetype/CMakeFiles/freetype.dir/src/base/ftpatent.c.o
[98/184] Building C object freetype/CMakeFiles/freetype.dir/src/base/ftpfr.c.o
[99/184] Building C object freetype/CMakeFiles/freetype.dir/src/base/ftstroke.c.o
[100/184] Building C object CMakeFiles/we_lz4.dir/home/runner/wesrc/lz4/lib/lz4hc.c.o
[101/184] Building C object freetype/CMakeFiles/freetype.dir/src/base/ftsynth.c.o
[102/184] Building C object freetype/CMakeFiles/freetype.dir/src/base/ftwinfnt.c.o
[103/184] Building C object freetype/CMakeFiles/freetype.dir/src/base/ftbase.c.o
[104/184] Building C object freetype/CMakeFiles/freetype.dir/src/base/fttype1.c.o
[105/184] Building C object freetype/CMakeFiles/freetype.dir/src/bzip2/ftbzip2.c.o
[106/184] Building C object CMakeFiles/we_lz4.dir/home/runner/wesrc/lz4/lib/lz4.c.o
[107/184] Building C object freetype/CMakeFiles/freetype.dir/src/autofit/autofit.c.o
[108/184] Building C object freetype/CMakeFiles/freetype.dir/src/bdf/bdf.c.o
[109/184] Building C object freetype/CMakeFiles/freetype.dir/src/cid/type1cid.c.o
[110/184] Building C object freetype/CMakeFiles/freetype.dir/src/cache/ftcache.c.o
[111/184] Building C object freetype/CMakeFiles/freetype.dir/src/lzw/ftlzw.c.o
[112/184] Building CXX object src/Vulkan/CMakeFiles/wpVulkan.dir/Vma.cpp.o
[113/184] Building C object freetype/CMakeFiles/freetype.dir/src/pcf/pcf.c.o
[114/184] Building C object freetype/CMakeFiles/freetype.dir/src/pfr/pfr.c.o
[115/184] Building C object freetype/CMakeFiles/freetype.dir/src/cff/cff.c.o
[116/184] Building C object freetype/CMakeFiles/freetype.dir/src/raster/raster.c.o
[117/184] Building C object freetype/CMakeFiles/freetype.dir/src/psnames/psnames.c.o
[118/184] Building C object freetype/CMakeFiles/freetype.dir/src/gzip/ftgzip.c.o
[119/184] Building C object freetype/CMakeFiles/freetype.dir/src/svg/svg.c.o
[120/184] Building C object freetype/CMakeFiles/freetype.dir/src/smooth/smooth.c.o
[121/184] Building C object freetype/CMakeFiles/freetype.dir/src/pshinter/pshinter.c.o
[122/184] Building C object freetype/CMakeFiles/freetype.dir/src/type42/type42.c.o
[123/184] Building C object freetype/CMakeFiles/freetype.dir/src/sdf/sdf.c.o
[124/184] Building C object freetype/CMakeFiles/freetype.dir/builds/unix/ftsystem.c.o
[125/184] Building C object freetype/CMakeFiles/freetype.dir/src/winfonts/winfnt.c.o
[126/184] Building C object freetype/CMakeFiles/freetype.dir/src/psaux/psaux.c.o
[127/184] Building C object freetype/CMakeFiles/freetype.dir/src/base/ftdebug.c.o
[128/184] Building CXX object src/Timer/CMakeFiles/wpTimer.dir/FramePacing.cpp.o
[129/184] Building C object freetype/CMakeFiles/freetype.dir/src/type1/type1.c.o
[130/184] Building C object freetype/CMakeFiles/freetype.dir/src/sfnt/sfnt.c.o
[131/184] Building C object freetype/CMakeFiles/freetype.dir/src/truetype/truetype.c.o
[132/184] Building CXX object src/Timer/CMakeFiles/wpTimer.dir/FrameTimer.cpp.o
[133/184] Building CXX object src/Timer/CMakeFiles/wpTimer.dir/ThreadTimer.cpp.o
[134/184] Building C object src/Audio/CMakeFiles/wpAudio.dir/home/runner/wesrc/wsr/third_party/kissfft/kiss_fft.c.o
[135/184] Building C object src/Audio/CMakeFiles/wpAudio.dir/home/runner/wesrc/wsr/third_party/kissfft/kiss_fftr.c.o
[136/184] Linking CXX static library src/Vulkan/libwpVulkan.a
[137/184] Building CXX object src/Audio/CMakeFiles/wpAudio.dir/AudioCapture.cpp.o
[138/184] Building CXX object src/Audio/CMakeFiles/wpAudio.dir/AudioAnalyzer.cpp.o
[139/184] Building CXX object src/Audio/CMakeFiles/wpAudio.dir/AudioBus.cpp.o
[140/184] Building CXX object src/VulkanRender/CMakeFiles/wpVulkanRender.dir/FenceWaitRetry.cpp.o
[141/184] Building CXX object src/Looper/CMakeFiles/wpLooper.dir/Looper.cpp.o
[142/184] Building CXX object src/VulkanRender/CMakeFiles/wpVulkanRender.dir/FrameFenceCycle.cpp.o
[143/184] Building CXX object src/VulkanRender/CMakeFiles/wpVulkanRender.dir/CopyPass.cpp.o
[144/184] Building CXX object src/VulkanRender/CMakeFiles/wpVulkanRender.dir/FinPass.cpp.o
[145/184] Building CXX object src/VulkanRender/CMakeFiles/wpVulkanRender.dir/PrePass.cpp.o
[146/184] Building CXX object src/VulkanRender/CMakeFiles/wpVulkanRender.dir/CustomShaderPass.cpp.o
[147/184] Linking CXX static library src/RenderGraph/libwpRGraph.a
[148/184] Linking C static library libwe_lz4.a
[149/184] Building CXX object src/VulkanRender/CMakeFiles/wpVulkanRender.dir/SceneToRenderGraph.cpp.o
[150/184] Building CXX object src/VulkanRender/CMakeFiles/wpVulkanRender.dir/SkyboxPass.cpp.o
[151/184] Building CXX object CMakeFiles/wescene-renderer.dir/home/runner/wesrc/wsr/src/WPPkgFs.cpp.o
[152/184] Building CXX object CMakeFiles/wescene-renderer.dir/home/runner/wesrc/wsr/src/Type.cpp.o
[153/184] Building CXX object src/VulkanRender/CMakeFiles/wpVulkanRender.dir/VolumetricChain.cpp.o
[154/184] Building CXX object CMakeFiles/wescene-renderer.dir/home/runner/wesrc/wsr/src/WPJson.cpp.o
[155/184] Building CXX object src/VulkanRender/CMakeFiles/wpVulkanRender.dir/VulkanRender.cpp.o
[156/184] Building CXX object CMakeFiles/wescene-renderer.dir/home/runner/wesrc/wsr/src/wpscene/WPParticleObject.cpp.o
[157/184] Building CXX object src/Audio/CMakeFiles/wpAudio.dir/SoundManager.cpp.o
[158/184] Building CXX object CMakeFiles/wescene-renderer.dir/home/runner/wesrc/wsr/src/wpscene/WPScene.cpp.o
[159/184] Building CXX object CMakeFiles/wescene-renderer.dir/home/runner/wesrc/wsr/src/wpscene/WPLightObject.cpp.o
[160/184] Building CXX object CMakeFiles/wescene-renderer.dir/home/runner/wesrc/wsr/src/wpscene/WPModelObject.cpp.o
[161/184] Building CXX object CMakeFiles/wescene-renderer.dir/home/runner/wesrc/wsr/src/wpscene/WPMaterial.cpp.o
[162/184] Building CXX object CMakeFiles/wescene-renderer.dir/home/runner/wesrc/wsr/src/wpscene/WPImageObject.cpp.o
[163/184] Building CXX object CMakeFiles/wescene-renderer.dir/stub/SystemFontFallback_stub.cpp.o
[164/184] Building CXX object CMakeFiles/wescene-renderer.dir/home/runner/wesrc/wsr/src/wpscene/WPTextObject.cpp.o
[165/184] Building CXX object CMakeFiles/wescene-renderer.dir/home/runner/wesrc/wsr/src/WPTextRenderer.cpp.o
[166/184] Building CXX object CMakeFiles/wescene-renderer.dir/home/runner/wesrc/wsr/src/WPSoundParser.cpp.o
[167/184] Building CXX object CMakeFiles/wescene-renderer.dir/home/runner/wesrc/wsr/src/WPShaderValueUpdater.cpp.o
[168/184] Building CXX object CMakeFiles/wescene-renderer.dir/home/runner/wesrc/wsr/src/WPTexImageParser.cpp.o
[169/184] Building CXX object CMakeFiles/wescene-renderer.dir/home/runner/wesrc/wsr/src/CameraLayer.cpp.o
[170/184] Building CXX object CMakeFiles/wescene-renderer.dir/stub/VideoTextureDecoder_stub.cpp.o
[171/184] Building CXX object CMakeFiles/wescene-renderer.dir/home/runner/wesrc/wsr/src/WPMdlParser.cpp.o
[172/184] Linking C static library freetype/libfreetype.a
[173/184] Linking CXX static library src/Timer/libwpTimer.a
[174/184] Linking CXX static library src/Audio/libwpAudio.a
[175/184] Linking CXX static library src/Looper/libwpLooper.a
[176/184] Linking CXX static library src/VulkanRender/libwpVulkanRender.a
[177/184] Building CXX object CMakeFiles/wescene-renderer.dir/home/runner/wesrc/wsr/src/WPParticleParser.cpp.o
[178/184] Building CXX object CMakeFiles/werender.dir/tool/werender.cpp.o
[179/184] Building CXX object CMakeFiles/wescene-renderer.dir/home/runner/wesrc/wsr/src/WPPuppet.cpp.o
[180/184] Building CXX object CMakeFiles/wescene-renderer.dir/home/runner/wesrc/wsr/src/WPShaderParser.cpp.o
[181/184] Building CXX object CMakeFiles/wescene-renderer.dir/home/runner/wesrc/wsr/src/SceneWallpaper.cpp.o
[182/184] Building CXX object CMakeFiles/wescene-renderer.dir/home/runner/wesrc/wsr/src/WPSceneParser.cpp.o
[183/184] Linking CXX static library libwescene-renderer.a
[184/184] Linking CXX executable werender
