-- The C compiler identification is Clang 21.0.0
-- The CXX compiler identification is Clang 21.0.0
-- Detecting C compiler ABI info
-- Detecting C compiler ABI info - done
-- Check for working C compiler: /usr/local/lib/android/sdk/ndk/29.0.14206865/toolchains/llvm/prebuilt/linux-x86_64/bin/clang - skipped
-- Detecting C compile features
-- Detecting C compile features - done
-- Detecting CXX compiler ABI info
-- Detecting CXX compiler ABI info - done
-- Check for working CXX compiler: /usr/local/lib/android/sdk/ndk/29.0.14206865/toolchains/llvm/prebuilt/linux-x86_64/bin/clang++ - skipped
-- Detecting CXX compile features
-- Detecting CXX compile features - done
-- WEK_USE_LLD: ON -- using /usr/local/lib/android/sdk/ndk/29.0.14206865/toolchains/llvm/prebuilt/linux-x86_64/bin/ld.lld
CMake Deprecation Warning at /home/runner/wesrc/freetype/CMakeLists.txt:113 (cmake_minimum_required):
  Compatibility with CMake < 3.10 will be removed from a future version of
  CMake.

  Update the VERSION argument <min> value.  Or, use the <min>...<max> syntax
  to tell CMake that the project requires at least <min> but has been updated
  to work with policies introduced by <max> or earlier.


-- Found PkgConfig: /usr/bin/pkg-config (found version "1.8.1")
-- Looking for unistd.h
-- Looking for unistd.h - found
-- Looking for fcntl.h
-- Looking for fcntl.h - found
-- Performing Test CMAKE_HAVE_LIBC_PTHREAD
-- Performing Test CMAKE_HAVE_LIBC_PTHREAD - Failed
-- Looking for pthread_create in pthreads
-- Looking for pthread_create in pthreads - not found
-- Looking for pthread_create in pthread
-- Looking for pthread_create in pthread - not found
-- Check if compiler accepts -pthread
-- Check if compiler accepts -pthread - yes
-- Found Threads: TRUE
-- Found Vulkan: /usr/local/lib/android/sdk/ndk/29.0.14206865/toolchains/llvm/prebuilt/linux-x86_64/sysroot/usr/lib/aarch64-linux-android/29/libvulkan.so (found version "1.3.275")  missing components: glslc glslangValidator
-- Using the multi-header code from /home/runner/wesrc/wsr/third_party/nlohmann/include/
-- Configuring done (2.2s)
-- Generating done (0.0s)
-- Build files have been written to: /home/runner/work/yunduo-native/yunduo-native/build-arm64-v8a
